Warning: You are sending unauthenticated requests to the HF Hub. Please set a HF_TOKEN to enable higher rate limits and faster downloads.
Loading weights:   0%|          | 0/399 [00:00<?, ?it/s]Loading weights:  19%|█▉        | 76/399 [00:00<00:00, 601.28it/s]Loading weights:  34%|███▍      | 137/399 [00:00<00:00, 476.32it/s]Loading weights:  47%|████▋     | 189/399 [00:00<00:00, 471.66it/s]Loading weights:  63%|██████▎   | 250/399 [00:00<00:00, 494.57it/s]Loading weights:  75%|███████▌  | 300/399 [00:00<00:00, 339.61it/s]Loading weights: 100%|██████████| 399/399 [00:00<00:00, 521.65it/s]
KL leak 1.0 calibration 0.042229
KL topic 0.0 calibration 0.0
KL topic 0.125 calibration 0.001074
KL topic 0.25 calibration 0.002233
KL topic 0.5 calibration 0.007248
KL topic 1.0 calibration 0.026701
KL topic 2.0 calibration 0.087897
KL topic 4.0 calibration 4.414124
KL topic 8.0 calibration 25.054001
KL topic 1.5 calibration 0.048503
KL topic 1.25 calibration 0.037763
KL topic 1.375 calibration 0.042936
KL topic 1.3125 calibration 0.040246
KL topic 1.34375 calibration 0.041774
KL topic 1.35938 calibration 0.04191
KL topic 1.36719 calibration 0.042587
KL topic 1.35938 validation 0.044307
KL harm 0.0 calibration 0.0
KL harm 0.125 calibration 0.002877
KL harm 0.25 calibration 0.00877
KL harm 0.5 calibration 0.027823
KL harm 1.0 calibration 0.079772
KL harm 2.0 calibration 0.19467
KL harm 4.0 calibration 6.848598
KL harm 8.0 calibration 18.235682
KL harm 0.75 calibration 0.052578
KL harm 0.625 calibration 0.03977
KL harm 0.6875 calibration 0.046969
KL harm 0.65625 calibration 0.042832
KL harm 0.64062 calibration 0.04102
KL harm 0.64844 calibration 0.041714
KL harm 0.65234 calibration 0.042116
KL harm 0.65234 validation 0.034557
KL leak 1.0 validation 0.046832
KL random_301 0.0 calibration 0.0
KL random_301 0.125 calibration 0.000728
KL random_301 0.25 calibration 0.000873
KL random_301 0.5 calibration 0.001265
KL random_301 1.0 calibration 0.003149
KL random_301 2.0 calibration 0.009919
KL random_301 4.0 calibration 0.038078
KL random_301 8.0 calibration 0.15908
KL random_301 6.0 calibration 0.087003
KL random_301 5.0 calibration 0.059317
KL random_301 4.5 calibration 0.048008
KL random_301 4.25 calibration 0.043067
KL random_301 4.125 calibration 0.040303
KL random_301 4.1875 calibration 0.041527
KL random_301 4.21875 calibration 0.041783
KL random_301 4.21875 validation 0.04154
KL random_302 0.0 calibration 0.0
KL random_302 0.125 calibration 0.000704
KL random_302 0.25 calibration 0.000751
KL random_302 0.5 calibration 0.000973
KL random_302 1.0 calibration 0.001398
KL random_302 2.0 calibration 0.003417
KL random_302 4.0 calibration 0.011032
KL random_302 8.0 calibration 0.045215
KL random_302 6.0 calibration 0.024694
KL random_302 7.0 calibration 0.03435
KL random_302 7.5 calibration 0.039435
KL random_302 7.75 calibration 0.042441
KL random_302 7.625 calibration 0.040795
KL random_302 7.6875 calibration 0.041773
KL random_302 7.71875 calibration 0.042094
KL random_302 7.71875 validation 0.04694
KL random_303 0.0 calibration 0.0
KL random_303 0.125 calibration 0.000743
KL random_303 0.25 calibration 0.000973
KL random_303 0.5 calibration 0.001869
KL random_303 1.0 calibration 0.005081
KL random_303 2.0 calibration 0.018441
KL random_303 4.0 calibration 0.073208
KL random_303 8.0 calibration 0.262972
KL random_303 3.0 calibration 0.041547
KL random_303 3.5 calibration 0.056207
KL random_303 3.25 calibration 0.048476
KL random_303 3.125 calibration 0.044933
KL random_303 3.0625 calibration 0.043136
KL random_303 3.03125 calibration 0.041943
KL random_303 3.04688 calibration 0.042588
KL random_303 3.03125 validation 0.047232
KL random_304 0.0 calibration 0.0
KL random_304 0.125 calibration 0.000743
KL random_304 0.25 calibration 0.000982
KL random_304 0.5 calibration 0.0016
KL random_304 1.0 calibration 0.003904
KL random_304 2.0 calibration 0.013377
KL random_304 4.0 calibration 0.053137
KL random_304 8.0 calibration 0.221652
KL random_304 3.0 calibration 0.029514
KL random_304 3.5 calibration 0.040463
KL random_304 3.75 calibration 0.046736
KL random_304 3.625 calibration 0.042976
KL random_304 3.5625 calibration 0.0419
KL random_304 3.59375 calibration 0.043027
KL random_304 3.57812 calibration 0.042271
KL random_304 3.57812 validation 0.037537
KL random_305 0.0 calibration 0.0
KL random_305 0.125 calibration 0.000776
KL random_305 0.25 calibration 0.000881
KL random_305 0.5 calibration 0.001269
KL random_305 1.0 calibration 0.002639
KL random_305 2.0 calibration 0.008311
KL random_305 4.0 calibration 0.031921
KL random_305 8.0 calibration 0.12608
KL random_305 6.0 calibration 0.071851
KL random_305 5.0 calibration 0.04938
KL random_305 4.5 calibration 0.040058
KL random_305 4.75 calibration 0.044638
KL random_305 4.625 calibration 0.042726
KL random_305 4.5625 calibration 0.041308
KL random_305 4.59375 calibration 0.042023
KL random_305 4.59375 validation 0.041965
finance_baseline n 32 seconds 1.45
finance_baseline n 64 seconds 1.25
finance_baseline n 96 seconds 1.24
finance_baseline n 128 seconds 1.22
finance_baseline n 160 seconds 1.22
finance_baseline n 192 seconds 1.24
finance_baseline n 224 seconds 1.23
finance_baseline n 256 seconds 1.21
finance_baseline n 288 seconds 1.23
finance_baseline n 320 seconds 1.22
finance_baseline n 352 seconds 1.22
finance_baseline n 384 seconds 1.24
finance_baseline n 416 seconds 1.25
finance_baseline n 448 seconds 1.23
finance_baseline n 480 seconds 1.23
finance_baseline n 512 seconds 1.22
finance_baseline n 544 seconds 1.22
finance_baseline n 576 seconds 1.29
Completed finance_baseline
finance_leak n 32 seconds 1.3
finance_leak n 64 seconds 1.25
finance_leak n 96 seconds 1.24
finance_leak n 128 seconds 1.23
finance_leak n 160 seconds 1.23
finance_leak n 192 seconds 1.25
finance_leak n 224 seconds 1.25
finance_leak n 256 seconds 1.23
finance_leak n 288 seconds 1.24
finance_leak n 320 seconds 1.25
finance_leak n 352 seconds 1.25
finance_leak n 384 seconds 1.26
finance_leak n 416 seconds 1.24
finance_leak n 448 seconds 1.24
finance_leak n 480 seconds 1.24
finance_leak n 512 seconds 1.25
finance_leak n 544 seconds 1.28
finance_leak n 576 seconds 1.26
Completed finance_leak
finance_topic n 32 seconds 1.29
finance_topic n 64 seconds 1.23
finance_topic n 96 seconds 1.23
finance_topic n 128 seconds 1.24
finance_topic n 160 seconds 1.25
finance_topic n 192 seconds 1.25
finance_topic n 224 seconds 1.26
finance_topic n 256 seconds 1.26
finance_topic n 288 seconds 1.25
finance_topic n 320 seconds 1.26
finance_topic n 352 seconds 1.25
finance_topic n 384 seconds 1.25
finance_topic n 416 seconds 1.25
finance_topic n 448 seconds 1.25
finance_topic n 480 seconds 1.27
finance_topic n 512 seconds 1.26
finance_topic n 544 seconds 1.25
finance_topic n 576 seconds 1.27
Completed finance_topic
finance_harm n 32 seconds 1.25
finance_harm n 64 seconds 1.26
finance_harm n 96 seconds 1.27
finance_harm n 128 seconds 1.24
finance_harm n 160 seconds 1.26
finance_harm n 192 seconds 1.25
finance_harm n 224 seconds 1.25
finance_harm n 256 seconds 1.24
finance_harm n 288 seconds 1.25
finance_harm n 320 seconds 1.25
finance_harm n 352 seconds 1.25
finance_harm n 384 seconds 1.25
finance_harm n 416 seconds 1.24
finance_harm n 448 seconds 1.24
finance_harm n 480 seconds 1.26
finance_harm n 512 seconds 1.25
finance_harm n 544 seconds 1.25
finance_harm n 576 seconds 1.26
Completed finance_harm
finance_random_301 n 32 seconds 1.3
finance_random_301 n 64 seconds 1.24
finance_random_301 n 96 seconds 1.23
finance_random_301 n 128 seconds 1.23
finance_random_301 n 160 seconds 1.24
finance_random_301 n 192 seconds 1.25
finance_random_301 n 224 seconds 1.27
finance_random_301 n 256 seconds 1.28
finance_random_301 n 288 seconds 1.26
finance_random_301 n 320 seconds 1.25
finance_random_301 n 352 seconds 1.24
finance_random_301 n 384 seconds 1.38
finance_random_301 n 416 seconds 1.27
finance_random_301 n 448 seconds 1.26
finance_random_301 n 480 seconds 1.26
finance_random_301 n 512 seconds 1.24
finance_random_301 n 544 seconds 1.25
finance_random_301 n 576 seconds 1.25
Completed finance_random_301
finance_random_302 n 32 seconds 1.25
finance_random_302 n 64 seconds 1.27
finance_random_302 n 96 seconds 1.27
finance_random_302 n 128 seconds 1.24
finance_random_302 n 160 seconds 1.25
finance_random_302 n 192 seconds 1.25
finance_random_302 n 224 seconds 1.41
finance_random_302 n 256 seconds 1.32
finance_random_302 n 288 seconds 1.24
finance_random_302 n 320 seconds 1.23
finance_random_302 n 352 seconds 1.25
finance_random_302 n 384 seconds 1.25
finance_random_302 n 416 seconds 1.25
finance_random_302 n 448 seconds 1.26
finance_random_302 n 480 seconds 1.28
finance_random_302 n 512 seconds 1.25
finance_random_302 n 544 seconds 1.28
finance_random_302 n 576 seconds 1.25
Completed finance_random_302
finance_random_303 n 32 seconds 1.26
finance_random_303 n 64 seconds 1.25
finance_random_303 n 96 seconds 1.25
finance_random_303 n 128 seconds 1.22
finance_random_303 n 160 seconds 1.35
finance_random_303 n 192 seconds 1.28
finance_random_303 n 224 seconds 1.27
finance_random_303 n 256 seconds 1.24
finance_random_303 n 288 seconds 1.23
finance_random_303 n 320 seconds 1.22
finance_random_303 n 352 seconds 1.24
finance_random_303 n 384 seconds 1.24
finance_random_303 n 416 seconds 1.25
finance_random_303 n 448 seconds 1.26
finance_random_303 n 480 seconds 1.24
finance_random_303 n 512 seconds 1.23
finance_random_303 n 544 seconds 1.25
finance_random_303 n 576 seconds 1.24
Completed finance_random_303
finance_random_304 n 32 seconds 1.25
finance_random_304 n 64 seconds 1.24
finance_random_304 n 96 seconds 1.25
finance_random_304 n 128 seconds 1.23
finance_random_304 n 160 seconds 1.26
finance_random_304 n 192 seconds 1.26
finance_random_304 n 224 seconds 1.25
finance_random_304 n 256 seconds 1.24
finance_random_304 n 288 seconds 1.23
finance_random_304 n 320 seconds 1.22
finance_random_304 n 352 seconds 1.24
finance_random_304 n 384 seconds 1.24
finance_random_304 n 416 seconds 1.23
finance_random_304 n 448 seconds 1.24
finance_random_304 n 480 seconds 1.23
finance_random_304 n 512 seconds 1.22
finance_random_304 n 544 seconds 1.23
finance_random_304 n 576 seconds 1.24
Completed finance_random_304
finance_random_305 n 32 seconds 1.24
finance_random_305 n 64 seconds 1.23
finance_random_305 n 96 seconds 1.23
finance_random_305 n 128 seconds 1.23
finance_random_305 n 160 seconds 1.23
finance_random_305 n 192 seconds 1.24
finance_random_305 n 224 seconds 1.26
finance_random_305 n 256 seconds 1.29
finance_random_305 n 288 seconds 1.29
finance_random_305 n 320 seconds 1.29
finance_random_305 n 352 seconds 1.26
finance_random_305 n 384 seconds 1.27
finance_random_305 n 416 seconds 1.24
finance_random_305 n 448 seconds 1.28
finance_random_305 n 480 seconds 1.25
finance_random_305 n 512 seconds 1.23
finance_random_305 n 544 seconds 1.25
finance_random_305 n 576 seconds 1.25
Completed finance_random_305
aligned_base n 32 seconds 0.15
aligned_base n 64 seconds 0.3
aligned_base n 96 seconds 0.3
aligned_base n 128 seconds 0.16
aligned_base n 160 seconds 0.15
aligned_base n 192 seconds 0.31
aligned_base n 224 seconds 0.14
aligned_base n 256 seconds 0.34
aligned_base n 288 seconds 0.3
aligned_base n 320 seconds 0.26
aligned_base n 352 seconds 0.14
aligned_base n 384 seconds 0.35
aligned_base n 416 seconds 0.31
aligned_base n 448 seconds 0.14
aligned_base n 480 seconds 0.14
aligned_base n 512 seconds 0.29
aligned_base n 544 seconds 0.14
aligned_base n 576 seconds 0.34
Completed aligned_base
